Archive member included to satisfy reference by file (symbol)

c:/stm32toolchain/gcc-arm/bin/../lib/gcc/arm-none-eabi/8.3.1/../../../../arm-none-eabi/lib/thumb/v7-m/nofp\libg_nano.a(lib_a-errno.o)
                              ./system/src/newlib/_sbrk.o (__errno)
c:/stm32toolchain/gcc-arm/bin/../lib/gcc/arm-none-eabi/8.3.1/../../../../arm-none-eabi/lib/thumb/v7-m/nofp\libg_nano.a(lib_a-impure.o)
                              c:/stm32toolchain/gcc-arm/bin/../lib/gcc/arm-none-eabi/8.3.1/../../../../arm-none-eabi/lib/thumb/v7-m/nofp\libg_nano.a(lib_a-errno.o) (_impure_ptr)

Allocating common symbols
Common symbol       size              file

errno               0x4               ./system/src/newlib/_syscalls.o
systick             0x4               ./src/delay.o

Discarded input sections

 .group         0x00000000        0xc ./system/src/stm32f1-stdperiph/misc.o
 .group         0x00000000        0xc ./system/src/stm32f1-stdperiph/misc.o
 .group         0x00000000        0xc ./system/src/stm32f1-stdperiph/misc.o
 .group         0x00000000        0xc ./system/src/stm32f1-stdperiph/misc.o
 .group         0x00000000        0xc ./system/src/stm32f1-stdperiph/misc.o
 .group         0x00000000        0xc ./system/src/stm32f1-stdperiph/misc.o
 .group         0x00000000        0xc ./system/src/stm32f1-stdperiph/misc.o
 .group         0x00000000        0xc ./system/src/stm32f1-stdperiph/misc.o
 .group         0x00000000        0xc ./system/src/stm32f1-stdperiph/misc.o
 .group         0x00000000        0xc ./system/src/stm32f1-stdperiph/misc.o
 .group         0x00000000        0xc ./system/src/stm32f1-stdperiph/misc.o
 .group         0x00000000        0xc ./system/src/stm32f1-stdperiph/misc.o
 .group         0x00000000        0xc ./system/src/stm32f1-stdperiph/misc.o
 .group         0x00000000        0xc ./system/src/stm32f1-stdperiph/misc.o
 .group         0x00000000        0xc ./system/src/stm32f1-stdperiph/misc.o
 .group         0x00000000        0xc ./system/src/stm32f1-stdperiph/misc.o
 .group         0x00000000        0xc ./system/src/stm32f1-stdperiph/misc.o
 .group         0x00000000        0xc ./system/src/stm32f1-stdperiph/misc.o
 .group         0x00000000        0xc ./system/src/stm32f1-stdperiph/misc.o
 .group         0x00000000        0xc ./system/src/stm32f1-stdperiph/misc.o
 .group         0x00000000        0xc ./system/src/stm32f1-stdperiph/misc.o
 .group         0x00000000        0xc ./system/src/stm32f1-stdperiph/misc.o
 .group         0x00000000        0xc ./system/src/stm32f1-stdperiph/misc.o
 .group         0x00000000        0xc ./system/src/stm32f1-stdperiph/misc.o
 .group         0x00000000        0xc ./system/src/stm32f1-stdperiph/misc.o
 .group         0x00000000        0xc ./system/src/stm32f1-stdperiph/misc.o
 .group         0x00000000        0xc ./system/src/stm32f1-stdperiph/misc.o
 .group         0x00000000        0xc ./system/src/stm32f1-stdperiph/misc.o
 .group         0x00000000        0xc ./system/src/stm32f1-stdperiph/misc.o
 .group         0x00000000        0xc ./system/src/stm32f1-stdperiph/misc.o
 .text          0x00000000        0x0 ./system/src/stm32f1-stdperiph/misc.o
 .data          0x00000000        0x0 ./system/src/stm32f1-stdperiph/misc.o
 .bss           0x00000000        0x0 ./system/src/stm32f1-stdperiph/misc.o
 .text.NVIC_PriorityGroupConfig
                0x00000000       0x44 ./system/src/stm32f1-stdperiph/misc.o
 .text.NVIC_Init
                0x00000000       0x98 ./system/src/stm32f1-stdperiph/misc.o
 .text.NVIC_SetVectorTable
                0x00000000       0x48 ./system/src/stm32f1-stdperiph/misc.o
 .text.NVIC_SystemLPConfig
                0x00000000       0x4c ./system/src/stm32f1-stdperiph/misc.o
 .text.SysTick_CLKSourceConfig
                0x00000000       0x3c ./system/src/stm32f1-stdperiph/misc.o
 .rodata.NVIC_PriorityGroupConfig.str1.4
                0x00000000       0x27 ./system/src/stm32f1-stdperiph/misc.o
 .debug_info    0x00000000      0x6a5 ./system/src/stm32f1-stdperiph/misc.o
 .debug_abbrev  0x00000000      0x1bc ./system/src/stm32f1-stdperiph/misc.o
 .debug_loc     0x00000000      0x26d ./system/src/stm32f1-stdperiph/misc.o
 .debug_aranges
                0x00000000       0x40 ./system/src/stm32f1-stdperiph/misc.o
 .debug_ranges  0x00000000       0x30 ./system/src/stm32f1-stdperiph/misc.o
 .debug_macro   0x00000000      0x171 ./system/src/stm32f1-stdperiph/misc.o
 .debug_macro   0x00000000      0xa96 ./system/src/stm32f1-stdperiph/misc.o
 .debug_macro   0x00000000       0x50 ./system/src/stm32f1-stdperiph/misc.o
 .debug_macro   0x00000000      0x34e ./system/src/stm32f1-stdperiph/misc.o
 .debug_macro   0x00000000       0x35 ./system/src/stm32f1-stdperiph/misc.o
 .debug_macro   0x00000000       0x34 ./system/src/stm32f1-stdperiph/misc.o
 .debug_macro   0x00000000      0xb8e ./system/src/stm32f1-stdperiph/misc.o
 .debug_macro   0x00000000     0x7dbe ./system/src/stm32f1-stdperiph/misc.o
[...]
Memory Configuration

Name             Origin             Length             Attributes
RAM              0x20000000         0x00005000         xrw
CCMRAM           0x00000000         0x00000000         xrw
FLASH            0x08000000         0x00020000         xr
FLASHB1          0x00000000         0x00000000         xr
EXTMEMB0         0x00000000         0x00000000         xr
EXTMEMB1         0x00000000         0x00000000         xr
EXTMEMB2         0x00000000         0x00000000         xr
EXTMEMB3         0x00000000         0x00000000         xr
MEMORY_ARRAY     0x00000000         0x00000000         xrw
*default*        0x00000000         0xffffffff

Linker script and memory map

LOAD ./system/src/stm32f1-stdperiph/misc.o
LOAD ./system/src/stm32f1-stdperiph/stm32f10x_gpio.o
LOAD ./system/src/stm32f1-stdperiph/stm32f10x_rcc.o
LOAD ./system/src/stm32f1-stdperiph/stm32f10x_tim.o
LOAD ./system/src/newlib/_cxx.o
LOAD ./system/src/newlib/_exit.o
LOAD ./system/src/newlib/_sbrk.o
LOAD ./system/src/newlib/_startup.o
LOAD ./system/src/newlib/_syscalls.o
LOAD ./system/src/newlib/assert.o
LOAD ./system/src/diag/Trace.o
LOAD ./system/src/diag/trace_impl.o
LOAD ./system/src/cortexm/_initialize_hardware.o
LOAD ./system/src/cortexm/_reset_hardware.o
LOAD ./system/src/cortexm/exception_handlers.o
LOAD ./system/src/cmsis/system_stm32f10x.o
LOAD ./system/src/cmsis/vectors_stm32f10x.o
LOAD ./src/_write.o
LOAD ./src/delay.o
LOAD ./src/led_init.o
LOAD ./src/main.o
LOAD c:/stm32toolchain/gcc-arm/bin/../lib/gcc/arm-none-eabi/8.3.1/../../../../arm-none-eabi/lib/thumb/v7-m/nofp\libstdc++_nano.a
LOAD c:/stm32toolchain/gcc-arm/bin/../lib/gcc/arm-none-eabi/8.3.1/../../../../arm-none-eabi/lib/thumb/v7-m/nofp\libm.a
START GROUP
LOAD c:/stm32toolchain/gcc-arm/bin/../lib/gcc/arm-none-eabi/8.3.1/thumb/v7-m/nofp\libgcc.a
LOAD c:/stm32toolchain/gcc-arm/bin/../lib/gcc/arm-none-eabi/8.3.1/../../../../arm-none-eabi/lib/thumb/v7-m/nofp\libg_nano.a
LOAD c:/stm32toolchain/gcc-arm/bin/../lib/gcc/arm-none-eabi/8.3.1/../../../../arm-none-eabi/lib/thumb/v7-m/nofp\libc_nano.a
END GROUP
START GROUP
LOAD c:/stm32toolchain/gcc-arm/bin/../lib/gcc/arm-none-eabi/8.3.1/thumb/v7-m/nofp\libgcc.a
LOAD c:/stm32toolchain/gcc-arm/bin/../lib/gcc/arm-none-eabi/8.3.1/../../../../arm-none-eabi/lib/thumb/v7-m/nofp\libc_nano.a
END GROUP
                0x20005000                __stack = (ORIGIN (RAM) + LENGTH (RAM))
                0x20005000                _estack = __stack
                0x00000400                __Main_Stack_Size = 0x400
                [!provide]                PROVIDE (_Main_Stack_Size = __Main_Stack_Size)
                0x20004c00                __Main_Stack_Limit = (__stack - __Main_Stack_Size)
                [!provide]                PROVIDE (_Main_Stack_Limit = __Main_Stack_Limit)
                0x00000100                _Minimum_Stack_Size = 0x100
                0x20000034                PROVIDE (_Heap_Begin = _end_noinit)
                0x20004c00                PROVIDE (_Heap_Limit = (__stack - __Main_Stack_Size))

.isr_vector     0x08000000      0x294
 FILL mask 0xff
                0x08000000                __vectors_start = ABSOLUTE (.)
                0x08000000                __vectors_start__ = ABSOLUTE (.)
 *(.isr_vector)
 .isr_vector    0x08000000      0x10c ./system/src/cmsis/vectors_stm32f10x.o
                0x08000000                __isr_vectors
 *(.cfmconfig)
 *(.after_vectors .after_vectors.*)
 .after_vectors
                0x0800010c      0x114 ./system/src/newlib/_startup.o
                0x0800010c                _start
 .after_vectors
                0x08000220       0x70 ./system/src/cortexm/exception_handlers.o
                0x08000220                Reset_Handler
                0x08000226                NMI_Handler
                0x0800022a                HardFault_Handler
                0x0800023e                HardFault_Handler_C
                0x08000242                MemManage_Handler
                0x08000246                BusFault_Handler
                0x0800025a                BusFault_Handler_C
                0x0800025e                UsageFault_Handler
                0x08000272                UsageFault_Handler_C
                0x08000276                SVC_Handler
                0x0800027a                DebugMon_Handler
                0x0800027e                PendSV_Handler
 .after_vectors
                0x08000290        0x4 ./system/src/cmsis/vectors_stm32f10x.o
                0x08000290                EXTI2_IRQHandler
                0x08000290                TIM8_TRG_COM_IRQHandler
                0x08000290                TIM8_CC_IRQHandler
                0x08000290                TIM1_CC_IRQHandler
                0x08000290                TIM6_IRQHandler
                0x08000290                PVD_IRQHandler
                0x08000290                SDIO_IRQHandler
                0x08000290                CAN2_RX1_IRQHandler
                0x08000290                EXTI3_IRQHandler
                0x08000290                TIM8_TRG_COM_TIM14_IRQHandler
                0x08000290                TIM1_UP_TIM10_IRQHandler
                0x08000290                TIM8_UP_TIM13_IRQHandler
                0x08000290                EXTI0_IRQHandler
                0x08000290                I2C2_EV_IRQHandler
                0x08000290                CAN1_RX0_IRQHandler
                0x08000290                TIM1_UP_TIM16_IRQHandler
                0x08000290                CAN2_SCE_IRQHandler
                0x08000290                ADC1_2_IRQHandler
                0x08000290                SPI1_IRQHandler
                0x08000290                TAMPER_IRQHandler
                0x08000290                TIM6_DAC_IRQHandler
                0x08000290                TIM1_BRK_TIM9_IRQHandler
                0x08000290                CAN2_RX0_IRQHandler
                0x08000290                TIM8_UP_IRQHandler
                0x08000290                DMA2_Channel2_IRQHandler
                0x08000290                DMA1_Channel4_IRQHandler
                0x08000290                USART3_IRQHandler
                0x08000290                RTC_IRQHandler
                0x08000290                DMA1_Channel7_IRQHandler
                0x08000290                CAN1_RX1_IRQHandler
                0x08000290                UART5_IRQHandler
                0x08000290                ADC3_IRQHandler
                0x08000290                TIM4_IRQHandler
                0x08000290                DMA2_Channel1_IRQHandler
                0x08000290                I2C1_EV_IRQHandler
                0x08000290                DMA1_Channel6_IRQHandler
                0x08000290                UART4_IRQHandler
                0x08000290                DMA2_Channel4_IRQHandler
                0x08000290                TIM3_IRQHandler
                0x08000290                RCC_IRQHandler
                0x08000290                TIM8_BRK_TIM12_IRQHandler
                0x08000290                TIM1_TRG_COM_IRQHandler
                0x08000290                DMA1_Channel1_IRQHandler
                0x08000290                Default_Handler
                0x08000290                CEC_IRQHandler
                0x08000290                EXTI15_10_IRQHandler
                0x08000290                TIM14_IRQHandler
                0x08000290                TIM13_IRQHandler
                0x08000290                TIM12_IRQHandler
                0x08000290                TIM7_IRQHandler
                0x08000290                CAN2_TX_IRQHandler
                0x08000290                TIM5_IRQHandler
                0x08000290                EXTI9_5_IRQHandler
                0x08000290                ETH_WKUP_IRQHandler
                0x08000290                SPI2_IRQHandler
                0x08000290                CAN1_TX_IRQHandler
                0x08000290                DMA2_Channel5_IRQHandler
                0x08000290                DMA1_Channel5_IRQHandler
                0x08000290                EXTI4_IRQHandler
                0x08000290                USB_LP_CAN1_RX0_IRQHandler
                0x08000290                TIM1_TRG_COM_TIM17_IRQHandler
                0x08000290                USB_HP_CAN1_TX_IRQHandler
                0x08000290                DMA1_Channel3_IRQHandler
                0x08000290                FSMC_IRQHandler
                0x08000290                ETH_IRQHandler
                0x08000290                TIM1_UP_IRQHandler
                0x08000290                WWDG_IRQHandler
                0x08000290                TIM2_IRQHandler
                0x08000290                OTG_FS_WKUP_IRQHandler
                0x08000290                TIM1_TRG_COM_TIM11_IRQHandler
                0x08000290                TIM1_BRK_IRQHandler
                0x08000290                EXTI1_IRQHandler
                0x08000290                RTCAlarm_IRQHandler
                0x08000290                DMA2_Channel4_5_IRQHandler
                0x08000290                USART2_IRQHandler
                0x08000290                I2C2_ER_IRQHandler
                0x08000290                DMA1_Channel2_IRQHandler
                0x08000290                TIM8_BRK_IRQHandler
                0x08000290                CAN1_SCE_IRQHandler
                0x08000290                FLASH_IRQHandler
                0x08000290                USART1_IRQHandler
                0x08000290                OTG_FS_IRQHandler
                0x08000290                SPI3_IRQHandler
                0x08000290                I2C1_ER_IRQHandler
                0x08000290                USBWakeUp_IRQHandler
                0x08000290                DMA2_Channel3_IRQHandler
                0x08000290                TIM1_BRK_TIM15_IRQHandler

.inits          0x08000294       0x28
                0x08000294                __data_regions_array_start = .
                0x08000294        0x4 LONG 0x8000e10 LOADADDR (.data)
                0x08000298        0x4 LONG 0x20000000 ADDR (.data)
                0x0800029c        0x4 LONG 0x20000024 (ADDR (.data) + SIZEOF (.data))
                0x080002a0        0x4 LONG 0x8000e10 LOADADDR (.data_CCMRAM)
                0x080002a4        0x4 LONG 0x0 ADDR (.data_CCMRAM)
                0x080002a8        0x4 LONG 0x0 (ADDR (.data_CCMRAM) + SIZEOF (.data_CCMRAM))
                0x080002ac                __data_regions_array_end = .
                0x080002ac                __bss_regions_array_start = .
                0x080002ac        0x4 LONG 0x20000024 ADDR (.bss)
                0x080002b0        0x4 LONG 0x20000034 (ADDR (.bss) + SIZEOF (.bss))
                0x080002b4        0x4 LONG 0x0 ADDR (.bss_CCMRAM)
                0x080002b8        0x4 LONG 0x0 (ADDR (.bss_CCMRAM) + SIZEOF (.bss_CCMRAM))
                0x080002bc                __bss_regions_array_end = .
 *(.init)
 *(.fini)
                0x080002bc                . = ALIGN (0x4)
                0x080002bc                PROVIDE (__preinit_array_start = .)
 *(.preinit_array_sysinit .preinit_array_sysinit.*)
 *(.preinit_array_platform .preinit_array_platform.*)
 *(.preinit_array .preinit_array.*)
                0x080002bc                PROVIDE (__preinit_array_end = .)
                0x080002bc                . = ALIGN (0x4)
                0x080002bc                PROVIDE (__init_array_start = .)
 *(SORT_BY_NAME(.init_array.*))
 *(.init_array)
                0x080002bc                PROVIDE (__init_array_end = .)
                0x080002bc                . = ALIGN (0x4)
                0x080002bc                PROVIDE (__fini_array_start = .)
 *(SORT_BY_NAME(.fini_array.*))
 *(.fini_array)
                0x080002bc                PROVIDE (__fini_array_end = .)

.flashtext
 *(.flashtext .flashtext.*)

.text           0x080002bc      0xb54
 *(.text .text.*)
 .text.GPIO_Init
                0x080002bc      0x134 ./system/src/stm32f1-stdperiph/stm32f10x_gpio.o
                0x080002bc                GPIO_Init
 .text.RCC_APB2PeriphClockCmd
                0x080003f0       0x4c ./system/src/stm32f1-stdperiph/stm32f10x_rcc.o
                0x080003f0                RCC_APB2PeriphClockCmd
 .text.TIM_TimeBaseInit
                0x0800043c      0x160 ./system/src/stm32f1-stdperiph/stm32f10x_tim.o
                0x0800043c                TIM_TimeBaseInit
 .text.TIM_OC1Init
                0x0800059c      0x1b4 ./system/src/stm32f1-stdperiph/stm32f10x_tim.o
                0x0800059c                TIM_OC1Init
 .text.TIM_Cmd  0x08000750       0xc8 ./system/src/stm32f1-stdperiph/stm32f10x_tim.o
                0x08000750                TIM_Cmd
 .text.TIM_CtrlPWMOutputs
                0x08000818       0x6c ./system/src/stm32f1-stdperiph/stm32f10x_tim.o
                0x08000818                TIM_CtrlPWMOutputs
 .text.TIM_ARRPreloadConfig
                0x08000884       0xc8 ./system/src/stm32f1-stdperiph/stm32f10x_tim.o
                0x08000884                TIM_ARRPreloadConfig
 .text.TIM_OC1PreloadConfig
                0x0800094c       0xac ./system/src/stm32f1-stdperiph/stm32f10x_tim.o
                0x0800094c                TIM_OC1PreloadConfig
 .text.TIM_SetCompare1
                0x080009f8       0x90 ./system/src/stm32f1-stdperiph/stm32f10x_tim.o
                0x080009f8                TIM_SetCompare1
 .text._exit    0x08000a88        0x2 ./system/src/newlib/_exit.o
                0x08000a88                _exit
 .text.abort    0x08000a8a        0x8 ./system/src/newlib/_exit.o
                0x08000a8a                abort
 *fill*         0x08000a92        0x2 
 .text.__initialize_args
                0x08000a94       0x10 ./system/src/newlib/_syscalls.o
                0x08000a94                __initialize_args
 .text.assert_failed
                0x08000aa4        0x6 ./system/src/newlib/assert.o
                0x08000aa4                assert_failed
 *fill*         0x08000aaa        0x2 
 .text.__initialize_hardware_early
                0x08000aac       0x18 ./system/src/cortexm/_initialize_hardware.o
                0x08000aac                __initialize_hardware_early
 .text.__initialize_hardware
                0x08000ac4        0x8 ./system/src/cortexm/_initialize_hardware.o
                0x08000ac4                __initialize_hardware
 .text.SetSysClockTo72
                0x08000acc       0xc4 ./system/src/cmsis/system_stm32f10x.o
 .text.SetSysClock
                0x08000b90        0x8 ./system/src/cmsis/system_stm32f10x.o
 .text.SystemInit
                0x08000b98       0x50 ./system/src/cmsis/system_stm32f10x.o
                0x08000b98                SystemInit
 .text.SystemCoreClockUpdate
                0x08000be8       0x94 ./system/src/cmsis/system_stm32f10x.o
                0x08000be8                SystemCoreClockUpdate
 .text.SysTick_Init
                0x08000c7c       0x30 ./src/delay.o
                0x08000c7c                SysTick_Init
 .text.SysTick_Handler
                0x08000cac       0x14 ./src/delay.o
                0x08000cac                SysTick_Handler
 .text.TIM1_PWM_Init
                0x08000cc0       0x9c ./src/main.o
                0x08000cc0                TIM1_PWM_Init
 .text.main     0x08000d5c       0x20 ./src/main.o
                0x08000d5c                main
 *(.rodata .rodata.* .constdata .constdata.*)
 .rodata.GPIO_DeInit.str1.4
                0x08000d7c       0x31 ./system/src/stm32f1-stdperiph/stm32f10x_gpio.o
 *fill*         0x08000dad        0x3 
 .rodata.RCC_HSEConfig.str1.4
                0x08000db0       0x30 ./system/src/stm32f1-stdperiph/stm32f10x_rcc.o
 .rodata.TIM_DeInit.str1.4
                0x08000de0       0x30 ./system/src/stm32f1-stdperiph/stm32f10x_tim.o
 *(vtable)
 *(.eh_frame*)
 *(.glue_7)
 .glue_7        0x08000e10        0x0 linker stubs
 *(.glue_7t)
 .glue_7t       0x08000e10        0x0 linker stubs

.vfp11_veneer   0x08000e10        0x0
 .vfp11_veneer  0x08000e10        0x0 linker stubs

.v4_bx          0x08000e10        0x0
 .v4_bx         0x08000e10        0x0 linker stubs

.iplt           0x08000e10        0x0
 .iplt          0x08000e10        0x0 ./system/src/stm32f1-stdperiph/stm32f10x_gpio.o

.rel.dyn        0x08000e10        0x0
 .rel.iplt      0x08000e10        0x0 ./system/src/stm32f1-stdperiph/stm32f10x_gpio.o

.ARM.extab
 *(.ARM.extab* .gnu.linkonce.armextab.*)
                0x08000e10                . = ALIGN (0x4)
                0x08000e10                __exidx_start = .

.ARM.exidx
 *(.ARM.exidx* .gnu.linkonce.armexidx.*)
                0x08000e10                __exidx_end = .
                0x08000e10                . = ALIGN (0x4)
                0x08000e10                _etext = .
                0x08000e10                __etext = .

.data_CCMRAM    0x00000000        0x0 load address 0x08000e10
 FILL mask 0xff
 *(.data.CCMRAM .data.CCMRAM.*)
                0x00000000                . = ALIGN (0x4)
                0x08000e10                _sidata = LOADADDR (.data)

.data           0x20000000       0x24 load address 0x08000e10
 FILL mask 0xff
                0x20000000                _sdata = .
                0x20000000                __data_start__ = .
 *(.data_begin .data_begin.*)
 .data_begin    0x20000000        0x4 ./system/src/newlib/_startup.o
 *(.data .data.*)
 .data.argv.4375
                0x20000004        0x8 ./system/src/newlib/_syscalls.o
 .data.AHBPrescTable
                0x2000000c       0x10 ./system/src/cmsis/system_stm32f10x.o
                0x2000000c                AHBPrescTable
 .data.SystemCoreClock
                0x2000001c        0x4 ./system/src/cmsis/system_stm32f10x.o
                0x2000001c                SystemCoreClock
 *(.data_end .data_end.*)
 .data_end      0x20000020        0x4 ./system/src/newlib/_startup.o
                0x20000024                . = ALIGN (0x4)
                0x20000024                _edata = .
                0x20000024                __data_end__ = .

.igot.plt       0x20000024        0x0 load address 0x08000e34
 .igot.plt      0x20000024        0x0 ./system/src/stm32f1-stdperiph/stm32f10x_gpio.o

.bss_CCMRAM     0x00000000        0x0
 *(.bss.CCMRAM .bss.CCMRAM.*)

.bss            0x20000024       0x10
                0x20000024                __bss_start__ = .
                0x20000024                _sbss = .
 *(.bss_begin .bss_begin.*)
 .bss_begin     0x20000024        0x4 ./system/src/newlib/_startup.o
 *(.bss .bss.*)
 .bss.name.4374
                0x20000028        0x1 ./system/src/newlib/_syscalls.o
 *(COMMON)
 *fill*         0x20000029        0x3 
 COMMON         0x2000002c        0x4 ./src/delay.o
                0x2000002c                systick
 *(.bss_end .bss_end.*)
 .bss_end       0x20000030        0x4 ./system/src/newlib/_startup.o
                0x20000034                . = ALIGN (0x4)
                0x20000034                __bss_end__ = .
                0x20000034                _ebss = .

.noinit_CCMRAM
 *(.noinit.CCMRAM .noinit.CCMRAM.*)

.noinit         0x20000034        0x0
                0x20000034                _noinit = .
 *(.noinit .noinit.*)
                0x20000034                . = ALIGN (0x4)
                0x20000034                _end_noinit = .
                [!provide]                PROVIDE (end = _end_noinit)
                [!provide]                PROVIDE (_end = _end_noinit)
                [!provide]                PROVIDE (__end = _end_noinit)
                [!provide]                PROVIDE (__end__ = _end_noinit)

._check_stack   0x20000034      0x100
                0x20000134                . = (. + _Minimum_Stack_Size)
 *fill*         0x20000034      0x100 

.b1text
 *(.b1text)
 *(.b1rodata)
 *(.b1rodata.*)

.eb0text
 *(.eb0text)
 *(.eb0rodata)
 *(.eb0rodata.*)

.eb1text
 *(.eb1text)
 *(.eb1rodata)
 *(.eb1rodata.*)

.eb2text
 *(.eb2text)
 *(.eb2rodata)
 *(.eb2rodata.*)

.eb3text
 *(.eb3text)
 *(.eb3rodata)
 *(.eb3rodata.*)

.stab
 *(.stab)

.stabstr
 *(.stabstr)

.stab.excl
 *(.stab.excl)

.stab.exclstr
 *(.stab.exclstr)

.stab.index
 *(.stab.index)

.stab.indexstr
 *(.stab.indexstr)

.comment        0x00000000       0x76
 *(.comment)
 .comment       0x00000000       0x76 ./system/src/stm32f1-stdperiph/stm32f10x_gpio.o
                                 0x77 (size before relaxing)
 .comment       0x00000076       0x77 ./system/src/stm32f1-stdperiph/stm32f10x_rcc.o
 .comment       0x00000076       0x77 ./system/src/stm32f1-stdperiph/stm32f10x_tim.o
 .comment       0x00000076       0x77 ./system/src/newlib/_exit.o
 .comment       0x00000076       0x77 ./system/src/newlib/_startup.o
 .comment       0x00000076       0x77 ./system/src/newlib/_syscalls.o
 .comment       0x00000076       0x77 ./system/src/newlib/assert.o
 .comment       0x00000076       0x77 ./system/src/cortexm/_initialize_hardware.o
 .comment       0x00000076       0x77 ./system/src/cortexm/exception_handlers.o
 .comment       0x00000076       0x77 ./system/src/cmsis/system_stm32f10x.o
 .comment       0x00000076       0x77 ./system/src/cmsis/vectors_stm32f10x.o
 .comment       0x00000076       0x77 ./src/delay.o
 .comment       0x00000076       0x77 ./src/main.o

.ARM.attributes
                0x00000000       0x2d
 .ARM.attributes
                0x00000000       0x2d ./system/src/stm32f1-stdperiph/stm32f10x_gpio.o
 .ARM.attributes
                0x0000002d       0x2d ./system/src/stm32f1-stdperiph/stm32f10x_rcc.o
 .ARM.attributes
                0x0000005a       0x2d ./system/src/stm32f1-stdperiph/stm32f10x_tim.o
 .ARM.attributes
                0x00000087       0x2d ./system/src/newlib/_exit.o
 .ARM.attributes
                0x000000b4       0x2d ./system/src/newlib/_startup.o
 .ARM.attributes
                0x000000e1       0x2d ./system/src/newlib/_syscalls.o
 .ARM.attributes
                0x0000010e       0x2d ./system/src/newlib/assert.o
 .ARM.attributes
                0x0000013b       0x2d ./system/src/cortexm/_initialize_hardware.o
 .ARM.attributes
                0x00000168       0x2d ./system/src/cortexm/exception_handlers.o
 .ARM.attributes
                0x00000195       0x2d ./system/src/cmsis/system_stm32f10x.o
 .ARM.attributes
                0x000001c2       0x2d ./system/src/cmsis/vectors_stm32f10x.o
 .ARM.attributes
                0x000001ef       0x2d ./src/delay.o
 .ARM.attributes
                0x0000021c       0x2d ./src/main.o

.debug
 *(.debug)

.line
 *(.line)

.debug_srcinfo
 *(.debug_srcinfo)

.debug_sfnames
 *(.debug_sfnames)

.debug_aranges  0x00000000      0x6d0
 *(.debug_aranges)
 .debug_aranges
                0x00000000       0xa8 ./system/src/stm32f1-stdperiph/stm32f10x_gpio.o
 .debug_aranges
                0x000000a8      0x118 ./system/src/stm32f1-stdperiph/stm32f10x_rcc.o
 .debug_aranges
                0x000001c0      0x2f0 ./system/src/stm32f1-stdperiph/stm32f10x_tim.o
 .debug_aranges
                0x000004b0       0x28 ./system/src/newlib/_exit.o
 .debug_aranges
                0x000004d8       0x40 ./system/src/newlib/_startup.o
 .debug_aranges
                0x00000518       0x30 ./system/src/newlib/_syscalls.o
 .debug_aranges
                0x00000548       0x28 ./system/src/newlib/assert.o
 .debug_aranges
                0x00000570       0x28 ./system/src/cortexm/_initialize_hardware.o
 .debug_aranges
                0x00000598       0x80 ./system/src/cortexm/exception_handlers.o
 .debug_aranges
                0x00000618       0x38 ./system/src/cmsis/system_stm32f10x.o
 .debug_aranges
                0x00000650       0x20 ./system/src/cmsis/vectors_stm32f10x.o
 .debug_aranges
                0x00000670       0x38 ./src/delay.o
 .debug_aranges
                0x000006a8       0x28 ./src/main.o

.debug_pubnames
 *(.debug_pubnames)

.debug_info     0x00000000     0xa36f
 *(.debug_info .gnu.linkonce.wi.*)
 .debug_info    0x00000000      0xce4 ./system/src/stm32f1-stdperiph/stm32f10x_gpio.o
 .debug_info    0x00000ce4      0xdbb ./system/src/stm32f1-stdperiph/stm32f10x_rcc.o
 .debug_info    0x00001a9f     0x3ec7 ./system/src/stm32f1-stdperiph/stm32f10x_tim.o
 .debug_info    0x00005966      0x9dc ./system/src/newlib/_exit.o
 .debug_info    0x00006342      0x4ce ./system/src/newlib/_startup.o
 .debug_info    0x00006810      0xab9 ./system/src/newlib/_syscalls.o
 .debug_info    0x000072c9      0xa74 ./system/src/newlib/assert.o
 .debug_info    0x00007d3d      0x2d6 ./system/src/cortexm/_initialize_hardware.o
 .debug_info    0x00008013      0xb90 ./system/src/cortexm/exception_handlers.o
 .debug_info    0x00008ba3      0x4e0 ./system/src/cmsis/system_stm32f10x.o
 .debug_info    0x00009083       0xce ./system/src/cmsis/vectors_stm32f10x.o
 .debug_info    0x00009151      0x193 ./src/delay.o
 .debug_info    0x000092e4     0x108b ./src/main.o

.debug_abbrev   0x00000000     0x1929
 *(.debug_abbrev)
 .debug_abbrev  0x00000000      0x24b ./system/src/stm32f1-stdperiph/stm32f10x_gpio.o
 .debug_abbrev  0x0000024b      0x240 ./system/src/stm32f1-stdperiph/stm32f10x_rcc.o
 .debug_abbrev  0x0000048b      0x226 ./system/src/stm32f1-stdperiph/stm32f10x_tim.o
 .debug_abbrev  0x000006b1      0x226 ./system/src/newlib/_exit.o
 .debug_abbrev  0x000008d7      0x1d7 ./system/src/newlib/_startup.o
 .debug_abbrev  0x00000aae      0x26d ./system/src/newlib/_syscalls.o
 .debug_abbrev  0x00000d1b      0x234 ./system/src/newlib/assert.o
 .debug_abbrev  0x00000f4f       0xfc ./system/src/cortexm/_initialize_hardware.o
 .debug_abbrev  0x0000104b      0x26e ./system/src/cortexm/exception_handlers.o
 .debug_abbrev  0x000012b9      0x19d ./system/src/cmsis/system_stm32f10x.o
 .debug_abbrev  0x00001456       0xa5 ./system/src/cmsis/vectors_stm32f10x.o
 .debug_abbrev  0x000014fb      0x12d ./src/delay.o
 .debug_abbrev  0x00001628      0x301 ./src/main.o

.debug_line     0x00000000     0x7d6e
 *(.debug_line)
 .debug_line    0x00000000      0xccd ./system/src/stm32f1-stdperiph/stm32f10x_gpio.o
 .debug_line    0x00000ccd      0xda9 ./system/src/stm32f1-stdperiph/stm32f10x_rcc.o
 .debug_line    0x00001a76     0x393c ./system/src/stm32f1-stdperiph/stm32f10x_tim.o
 .debug_line    0x000053b2      0x2fd ./system/src/newlib/_exit.o
 .debug_line    0x000056af      0x4fa ./system/src/newlib/_startup.o
 .debug_line    0x00005ba9      0x3d6 ./system/src/newlib/_syscalls.o
 .debug_line    0x00005f7f      0x339 ./system/src/newlib/assert.o
 .debug_line    0x000062b8      0x369 ./system/src/cortexm/_initialize_hardware.o
 .debug_line    0x00006621      0x702 ./system/src/cortexm/exception_handlers.o
 .debug_line    0x00006d23      0x575 ./system/src/cmsis/system_stm32f10x.o
 .debug_line    0x00007298       0xf4 ./system/src/cmsis/vectors_stm32f10x.o
 .debug_line    0x0000738c      0x3fc ./src/delay.o
 .debug_line    0x00007788      0x5e6 ./src/main.o

.debug_frame    0x00000000     0x1284
 *(.debug_frame)
 .debug_frame   0x00000000      0x1e8 ./system/src/stm32f1-stdperiph/stm32f10x_gpio.o
 .debug_frame   0x000001e8      0x31c ./system/src/stm32f1-stdperiph/stm32f10x_rcc.o
 .debug_frame   0x00000504      0x9ec ./system/src/stm32f1-stdperiph/stm32f10x_tim.o
 .debug_frame   0x00000ef0       0x38 ./system/src/newlib/_exit.o
 .debug_frame   0x00000f28       0x7c ./system/src/newlib/_startup.o
 .debug_frame   0x00000fa4       0x50 ./system/src/newlib/_syscalls.o
 .debug_frame   0x00000ff4       0x40 ./system/src/newlib/assert.o
 .debug_frame   0x00001034       0x40 ./system/src/cortexm/_initialize_hardware.o
 .debug_frame   0x00001074       0xe8 ./system/src/cortexm/exception_handlers.o
 .debug_frame   0x0000115c       0x6c ./system/src/cmsis/system_stm32f10x.o
 .debug_frame   0x000011c8       0x20 ./system/src/cmsis/vectors_stm32f10x.o
 .debug_frame   0x000011e8       0x50 ./src/delay.o
 .debug_frame   0x00001238       0x4c ./src/main.o

.debug_str      0x00000000    0x57568
 *(.debug_str)
 .debug_str     0x00000000    0x4ec5d ./system/src/stm32f1-stdperiph/stm32f10x_gpio.o
                              0x4ede2 (size before relaxing)
 .debug_str     0x0004ec5d      0xb4a ./system/src/stm32f1-stdperiph/stm32f10x_rcc.o
                              0x4f3b1 (size before relaxing)
 .debug_str     0x0004f7a7      0xc45 ./system/src/stm32f1-stdperiph/stm32f10x_tim.o
                              0x4f4fd (size before relaxing)
 .debug_str     0x000503ec     0x4f04 ./system/src/newlib/_exit.o
                               0x7e73 (size before relaxing)
 .debug_str     0x000552f0      0x260 ./system/src/newlib/_startup.o
                               0x6647 (size before relaxing)
 .debug_str     0x00055550     0x141a ./system/src/newlib/_syscalls.o
                               0x8218 (size before relaxing)
 .debug_str     0x0005696a       0xd7 ./system/src/newlib/assert.o
                               0x897f (size before relaxing)
 .debug_str     0x00056a41       0xcb ./system/src/cortexm/_initialize_hardware.o
                              0x4e8cc (size before relaxing)
 .debug_str     0x00056b0c      0x1db ./system/src/cortexm/exception_handlers.o
                              0x538db (size before relaxing)
 .debug_str     0x00056ce7       0x96 ./system/src/cmsis/system_stm32f10x.o
                              0x4e966 (size before relaxing)
 .debug_str     0x00056d7d       0x57 ./system/src/cmsis/vectors_stm32f10x.o
                               0x390b (size before relaxing)
 .debug_str     0x00056dd4       0x58 ./src/delay.o
                              0x4e825 (size before relaxing)
 .debug_str     0x00056e2c      0x73c ./src/main.o
                              0x53301 (size before relaxing)

.debug_loc      0x00000000     0x48a9
 *(.debug_loc)
 .debug_loc     0x00000000      0x9f6 ./system/src/stm32f1-stdperiph/stm32f10x_gpio.o
 .debug_loc     0x000009f6      0xd20 ./system/src/stm32f1-stdperiph/stm32f10x_rcc.o
 .debug_loc     0x00001716     0x2bf7 ./system/src/stm32f1-stdperiph/stm32f10x_tim.o
 .debug_loc     0x0000430d       0x15 ./system/src/newlib/_exit.o
 .debug_loc     0x00004322      0x2a6 ./system/src/newlib/_startup.o
 .debug_loc     0x000045c8       0x6f ./system/src/newlib/_syscalls.o
 .debug_loc     0x00004637       0xde ./system/src/newlib/assert.o
 .debug_loc     0x00004715       0xff ./system/src/cmsis/system_stm32f10x.o
 .debug_loc     0x00004814       0x25 ./src/delay.o
 .debug_loc     0x00004839       0x70 ./src/main.o

.debug_macinfo
 *(.debug_macinfo)

.debug_weaknames
 *(.debug_weaknames)

.debug_funcnames
 *(.debug_funcnames)

.debug_typenames
 *(.debug_typenames)

.debug_varnames
 *(.debug_varnames)
OUTPUT(PWM-01.elf elf32-littlearm)

.debug_ranges   0x00000000      0x618
 .debug_ranges  0x00000000       0x98 ./system/src/stm32f1-stdperiph/stm32f10x_gpio.o
 .debug_ranges  0x00000098      0x108 ./system/src/stm32f1-stdperiph/stm32f10x_rcc.o
 .debug_ranges  0x000001a0      0x2e0 ./system/src/stm32f1-stdperiph/stm32f10x_tim.o
 .debug_ranges  0x00000480       0x18 ./system/src/newlib/_exit.o
 .debug_ranges  0x00000498       0x48 ./system/src/newlib/_startup.o
 .debug_ranges  0x000004e0       0x20 ./system/src/newlib/_syscalls.o
 .debug_ranges  0x00000500       0x18 ./system/src/newlib/assert.o
 .debug_ranges  0x00000518       0x18 ./system/src/cortexm/_initialize_hardware.o
 .debug_ranges  0x00000530       0x70 ./system/src/cortexm/exception_handlers.o
 .debug_ranges  0x000005a0       0x28 ./system/src/cmsis/system_stm32f10x.o
 .debug_ranges  0x000005c8       0x10 ./system/src/cmsis/vectors_stm32f10x.o
 .debug_ranges  0x000005d8       0x28 ./src/delay.o
 .debug_ranges  0x00000600       0x18 ./src/main.o

.debug_macro    0x00000000     0x35f6
 .debug_macro   0x00000000      0x1b9 ./system/src/stm32f1-stdperiph/stm32f10x_gpio.o
 .debug_macro   0x000001b9       0x8b ./system/src/stm32f1-stdperiph/stm32f10x_gpio.o
 .debug_macro   0x00000244      0x2a6 ./system/src/stm32f1-stdperiph/stm32f10x_gpio.o
 .debug_macro   0x000004ea      0x287 ./system/src/stm32f1-stdperiph/stm32f10x_rcc.o
 .debug_macro   0x00000771      0x3dc ./system/src/stm32f1-stdperiph/stm32f10x_rcc.o
 .debug_macro   0x00000b4d      0x183 ./system/src/stm32f1-stdperiph/stm32f10x_tim.o
 .debug_macro   0x00000cd0      0x70b ./system/src/stm32f1-stdperiph/stm32f10x_tim.o
 .debug_macro   0x000013db      0x1ae ./system/src/newlib/_exit.o
 .debug_macro   0x00001589       0x34 ./system/src/newlib/_exit.o
 .debug_macro   0x000015bd      0x10e ./system/src/newlib/_exit.o
 .debug_macro   0x000016cb       0x8d ./system/src/newlib/_exit.o
 .debug_macro   0x00001758       0x43 ./system/src/newlib/_exit.o
 .debug_macro   0x0000179b      0x339 ./system/src/newlib/_exit.o
 .debug_macro   0x00001ad4       0x35 ./system/src/newlib/_exit.o
 .debug_macro   0x00001b09      0x15f ./system/src/newlib/_startup.o
 .debug_macro   0x00001c68      0x220 ./system/src/newlib/_syscalls.o
 .debug_macro   0x00001e88       0x1c ./system/src/newlib/_syscalls.o
 .debug_macro   0x00001ea4       0x10 ./system/src/newlib/_syscalls.o
 .debug_macro   0x00001eb4       0x10 ./system/src/newlib/_syscalls.o
 .debug_macro   0x00001ec4       0x10 ./system/src/newlib/_syscalls.o
 .debug_macro   0x00001ed4       0x35 ./system/src/newlib/_syscalls.o
 .debug_macro   0x00001f09      0x122 ./system/src/newlib/_syscalls.o
 .debug_macro   0x0000202b       0x88 ./system/src/newlib/_syscalls.o
 .debug_macro   0x000020b3       0x7c ./system/src/newlib/_syscalls.o
 .debug_macro   0x0000212f       0x17 ./system/src/newlib/_syscalls.o
 .debug_macro   0x00002146      0x118 ./system/src/newlib/_syscalls.o
 .debug_macro   0x0000225e      0x189 ./system/src/newlib/_syscalls.o
 .debug_macro   0x000023e7       0x16 ./system/src/newlib/_syscalls.o
 .debug_macro   0x000023fd      0x1ca ./system/src/newlib/assert.o
 .debug_macro   0x000025c7       0x1c ./system/src/newlib/assert.o
 .debug_macro   0x000025e3      0x16b ./system/src/cortexm/_initialize_hardware.o
 .debug_macro   0x0000274e      0x31e ./system/src/cortexm/exception_handlers.o
 .debug_macro   0x00002a6c       0x3b ./system/src/cortexm/exception_handlers.o
 .debug_macro   0x00002aa7       0x22 ./system/src/cortexm/exception_handlers.o
 .debug_macro   0x00002ac9       0x10 ./system/src/cortexm/exception_handlers.o
 .debug_macro   0x00002ad9       0xcf ./system/src/cortexm/exception_handlers.o
 .debug_macro   0x00002ba8       0x20 ./system/src/cortexm/exception_handlers.o
 .debug_macro   0x00002bc8       0xbe ./system/src/cortexm/exception_handlers.o
 .debug_macro   0x00002c86       0x10 ./system/src/cortexm/exception_handlers.o
 .debug_macro   0x00002c96      0x16e ./system/src/cmsis/system_stm32f10x.o
 .debug_macro   0x00002e04       0x34 ./system/src/cmsis/vectors_stm32f10x.o
 .debug_macro   0x00002e38      0x161 ./src/delay.o
 .debug_macro   0x00002f99      0x31e ./src/main.o
 .debug_macro   0x000032b7       0x16 ./src/main.o
 .debug_macro   0x000032cd       0x97 ./src/main.o
 .debug_macro   0x00003364       0xfd ./src/main.o
 .debug_macro   0x00003461       0x10 ./src/main.o
 .debug_macro   0x00003471       0x16 ./src/main.o
 .debug_macro   0x00003487      0x16f ./src/main.o
