23:32:23 **** Incremental Build of configuration Debug for project PWM-01 ****
make all 
Building file: ../src/main.c
Invoking: GNU ARM Cross C Compiler
arm-none-eabi-gcc -mcpu=cortex-m3 -mthumb -Og -fmessage-length=0 -fsigned-char -ffunction-sections -fdata-sections -ffreestanding -fno-move-loop-invariants -Wall -Wextra  -g3 -DDEBUG -DUSE_FULL_ASSERT -DSTM32F10X_MD -DUSE_STDPERIPH_DRIVER -DHSE_VALUE=8000000 -I"../include" -I"../system/include" -I"../system/include/cmsis" -I"../system/include/stm32f1-stdperiph" -std=gnu11 -MMD -MP -MF"src/main.d" -MT"src/main.o" -c -o "src/main.o" "../src/main.c"
../src/main.c: In function 'main':
../src/main.c:20:2: warning: implicit declaration of function 'TIM1_PWM_Init'; did you mean 'TIM2_PWM_Init'? [-Wimplicit-function-declaration]
  TIM1_PWM_Init(899,0);//‰∏çÂ?ÜÈ?ë„?ÇPWMÈ¢ëÁ??=72000/(899+1)=80Khz
  ^~~~~~~~~~~~~
  TIM2_PWM_Init
../src/main.c:17:5: warning: unused variable 'dir' [-Wunused-variable]
  u8 dir=1;
     ^~~
../src/main.c: At top level:
../src/main.c:40:6: warning: conflicting types for 'TIM1_PWM_Init'
 void TIM1_PWM_Init(u16 arr,u16 psc)
      ^~~~~~~~~~~~~
../src/main.c:20:2: note: previous implicit declaration of 'TIM1_PWM_Init' was here
  TIM1_PWM_Init(899,0);//‰∏çÂ?ÜÈ?ë„?ÇPWMÈ¢ëÁ??=72000/(899+1)=80Khz
  ^~~~~~~~~~~~~
Finished building: ../src/main.c
 
Building target: PWM-01.elf
Invoking: GNU ARM Cross C++ Linker
arm-none-eabi-g++ -mcpu=cortex-m3 -mthumb -Og -fmessage-length=0 -fsigned-char -ffunction-sections -fdata-sections -ffreestanding -fno-move-loop-invariants -Wall -Wextra  -g3 -T mem.ld -T libs.ld -T sections.ld -nostartfiles -Xlinker --gc-sections -L"../ldscripts" -Wl,-Map,"PWM-01.map" --specs=nano.specs -o "PWM-01.elf"  ./system/src/stm32f1-stdperiph/misc.o ./system/src/stm32f1-stdperiph/stm32f10x_gpio.o ./system/src/stm32f1-stdperiph/stm32f10x_rcc.o ./system/src/stm32f1-stdperiph/stm32f10x_tim.o  ./system/src/newlib/_cxx.o ./system/src/newlib/_exit.o ./system/src/newlib/_sbrk.o ./system/src/newlib/_startup.o ./system/src/newlib/_syscalls.o ./system/src/newlib/assert.o  ./system/src/diag/Trace.o ./system/src/diag/trace_impl.o  ./system/src/cortexm/_initialize_hardware.o ./system/src/cortexm/_reset_hardware.o ./system/src/cortexm/exception_handlers.o  ./system/src/cmsis/system_stm32f10x.o ./system/src/cmsis/vectors_stm32f10x.o  ./src/_write.o ./src/delay.o ./src/led_init.o ./src/main.o   
Finished building target: PWM-01.elf
 
Invoking: GNU ARM Cross Create Flash Image
arm-none-eabi-objcopy -O ihex "PWM-01.elf"  "PWM-01.hex"
Finished building: PWM-01.hex
 
Invoking: GNU ARM Cross Print Size
arm-none-eabi-size --format=berkeley "PWM-01.elf"
   text	   data	    bss	    dec	    hex	filename
   3560	     76	    272	   3908	    f44	PWM-01.elf
Finished building: PWM-01.siz
 

23:32:26 Build Finished. 0 errors, 3 warnings. (took 2s.956ms)

